<?xml version="1.0" encoding="UTF-8"?>
<!-- Data Object XML mapping -->
<mapping>
	<!--  Mapping for ExportEntityList  -->
	<class name="com.gridnode.pdip.base.exportconfig.model.ExportEntityList">
		<map-to xml="Entities"/>
		<field name="Entities" type="com.gridnode.pdip.framework.db.entity.IEntity" collection="collection">
		</field>
	</class>
	<!--  Mapping for Alert  -->
	<class name="com.gridnode.pdip.app.alert.model.Alert">
		<map-to xml="Alert"/>
		<field name="UId" type="long">
			<xml name="UId" node="element"/>
		</field>
		<field name="Name" type="string">
			<xml name="Name" node="element"/>
		</field>
		<field name="AlertType" type="long">
			<xml name="AlertType" node="element"/>
		</field>
		<field name="Category" type="long">
			<xml name="Category" node="element"/>
		</field>
		<field name="Trigger" type="string">
			<xml name="Trigger" node="element"/>
		</field>
		<field name="Descr" type="string">
			<xml name="Descr" node="element"/>
		</field>
		<field name="BindActions" type="long" collection="collection">
			<xml name="BindActions" node="element"/>
		</field>
	</class>
</mapping>
