<?xml version="1.0" encoding="UTF-8"?>
<!-- Data Object XML mapping -->
<mapping>
	<!--  Mapping for ExportEntityList  -->
	<class name="com.gridnode.pdip.base.exportconfig.model.ExportEntityList">
		<map-to xml="Entities"/>
		<field name="Entities" type="com.gridnode.pdip.framework.db.entity.IEntity" collection="collection">
		</field>
	</class>
	<!--  Mapping for Mapping File  -->
	<class name="com.gridnode.pdip.base.userprocedure.model.ProcedureDefFile">
		<map-to xml="ProcedureDefFile"/>
		<field name="UId" type="long">
			<xml name="UId" node="element"/>
		</field>
		<field name="Name" type="string">
			<xml name="Name" node="element"/>
		</field>
		<field name="Description" type="string">
			<xml name="Description" node="element"/>
		</field>
		<field name="Type" type="integer">
			<xml name="Type" node="element"/>
		</field>
		<field name="FileName" type="string">
			<xml name="FileName" node="element"/>
		</field>
		<field name="FilePath" type="string">
			<xml name="FilePath" node="element"/>
		</field>
	</class>
</mapping>
