com.gridnode.pdip.base.xml.convertor.util.ConvertorUtil = com.gridnode.convertor.util.ConvertorUtil
com.gridnode.xml.helpers.convertor.util.ConvertorUtil = com.gridnode.convertor.util.ConvertorUtil
com.gridnode.pdip.base.xml.convertor.util.ExcelUtil = com.gridnode.convertor.util.ExcelUtil
com.gridnode.xml.helpers.convertor.util.ExcelUtil = com.gridnode.convertor.util.ExcelUtil
com.gridnode.pdip.base.xml.convertor.util.ConvertorMessager = com.gridnode.convertor.util.ConvertorMessager
com.gridnode.xml.helpers.convertor.util.ConvertorMessager = com.gridnode.convertor.util.ConvertorMessager
OCCURENCE = OCCURRENCE
^\s*<Convertor-Version>.*</Convertor-Version>.*\n = \z
^\s*<ConvertorVersion>.*</ConvertorVersion>.*\n = \z
<ConversionName>XML</ConversionName> = <ConvertorVersion>1000-1001</ConvertorVersion>\r\n\t<ConversionName>XML</ConversionName>
<ConversionName>DelimitedText</ConversionName> = <ConvertorVersion>2001-1001</ConvertorVersion>\r\n\t<ConversionName>DelimitedText</ConversionName>
<ConversionName>PositionalText</ConversionName> = <ConvertorVersion>3002-1001</ConvertorVersion>\r\n\t<ConversionName>PositionalText</ConversionName>
<ConversionName>Excel</ConversionName> = <ConvertorVersion>4001-1001</ConvertorVersion>\r\n\t<ConversionName>Excel</ConversionName>
<ConversionName>EDI</ConversionName> = <ConvertorVersion>5000-1001</ConvertorVersion>\r\n\t<ConversionName>EDI</ConversionName>
<ConversionName>XML2Excel</ConversionName> = <ConvertorVersion>1000-4001</ConvertorVersion>\r\n\t<ConversionName>XML2Excel</ConversionName>
<ConversionName>DelimitedText2Excel</ConversionName> = <ConvertorVersion>2001-4001</ConvertorVersion>\r\n\t<ConversionName>DelimitedText2Excel</ConversionName>
<ConversionName>PositionalText2Excel</ConversionName> = <ConvertorVersion>3002-4001</ConvertorVersion>\r\n\t<ConversionName>PositionalText2Excel</ConversionName>
<ConversionName>Excel2Excel</ConversionName> = <ConvertorVersion>4001-4001</ConvertorVersion>\r\n\t<ConversionName>Excel2Excel</ConversionName>
<ConversionName>EDI2Excel</ConversionName> = <ConvertorVersion>5000-4001</ConvertorVersion>\r\n\t<ConversionName>EDI2Excel</ConversionName>
